// Bun Snapshot v1, https://goo.gl/fbAQLP

exports[`createFunctionFromEntry should create a function from an entry correctly 1`] = `
"export function hello(name: string) {
	return \`Hello, ${name}!\`
}"
`;

exports[`createExportFromLanguageAndNamespace should create a export from language and namespace correctly 1`] = `"export * as common from "/~translations/en/common";"`;

exports[`createImportFromLanguageAndNamespace should create a import from language and namespace correctly 1`] = `"import * as en from "/~translations/en/common";"`;

exports[`createConditionalFunctionFromEntry should create a conditional function from an entry correctly 1`] = `
"export function hello(name: string) {
	switch (language()) {
		case "en":
			return en.hello(name)
		case "pt":
			return pt.hello(name)
	}
}"
`;

exports[`createImportExport should create a import/export correctly 1`] = `
"import * as m from 'module';

export * from 'module';"
`;
